projects/amazon-trend-analyzer/qb_chunks/page_066_skip066000.csv
ASIN Buyability Flag,asin_status,CVR%,revenue,asp,units,gv,Images #,Videos #,Has A+ Content,Buybox Winner,Average Rating,Number of Ratings,bb_price,Ad CTR%,Ad CVR%,bsr,brand,Ad CPC$,ASIN (Description),Update Type,Sold By Amazon,Has Coupon?,Has Store Link?,In Stock Today?,category,Sellable On Hand Units,asin,date,Ad Cost,Ad Sales,Ad Clicks,Ad Impressions,Ad Conversions
In Stock,ACTIVE,0.5,341.0,10.32,33.0,66.0,9.0,0.0,False,,4.7,1354.0,10.39,,,24.0,Chi,,B07JB2P7RJ (Chi Oatmeal Conditioner For Dogs),[],True,False,True,False,Grooming,1882.0,B07JB2P7RJ,2025-10-10,,,,,
In Stock,ACTIVE,0.319,312.0,10.39,30.0,94.0,9.0,0.0,False,Market &amp; Co.,4.7,1352.0,10.11,,,23.0,Chi,,B07JB2P7RJ (Chi Oatmeal Conditioner For Dogs),[],False,False,True,False,Grooming,1927.0,B07JB2P7RJ,2025-10-09,,,,,
In Stock,ACTIVE,0.5479999999999999,473.0,10.29,46.0,84.0,9.0,0.0,False,,4.7,1351.0,10.0,,,21.0,Chi,,B07JB2P7RJ (Chi Oatmeal Conditioner For Dogs),[],True,False,True,False,Grooming,1918.0,B07JB2P7RJ,2025-10-08,,,,,
In Stock,ACTIVE,0.396,369.0,10.25,36.0,91.0,9.0,0.0,False,,4.7,1348.0,10.2,,,22.0,Chi,,B07JB2P7RJ (Chi Oatmeal Conditioner For Dogs),[],True,False,True,False,Grooming,1951.0,B07JB2P7RJ,2025-10-07,,,,,
In Stock,ACTIVE,0.52,400.0,10.26,39.0,75.0,9.0,0.0,False,,4.7,1345.0,10.0,,,22.0,Chi,,B07JB2P7RJ (Chi Oatmeal Conditioner For Dogs),[],True,False,True,False,Grooming,1978.0,B07JB2P7RJ,2025-10-06,,,,,
In Stock,ACTIVE,0.293,280.0,10.36,27.0,92.0,9.0,0.0,False,,4.7,1342.0,10.36,,,22.0,Chi,,B07JB2P7RJ (Chi Oatmeal Conditioner For Dogs),[],True,False,True,False,Grooming,2011.0,B07JB2P7RJ,2025-10-05,,,,,
In Stock,ACTIVE,0.397,318.0,10.24,31.0,78.0,9.0,0.0,False,,4.7,1339.0,10.39,,,22.0,Chi,,B07JB2P7RJ (Chi Oatmeal Conditioner For Dogs),[],True,False,True,False,Grooming,2046.0,B07JB2P7RJ,2025-10-04,,,,,
In Stock,ACTIVE,0.537,446.0,10.38,43.0,80.0,9.0,0.0,False,,4.7,1338.0,10.39,,,21.0,Chi,,B07JB2P7RJ (Chi Oatmeal Conditioner For Dogs),[],True,False,True,False,Grooming,2061.0,B07JB2P7RJ,2025-10-03,,,,,
In Stock,ACTIVE,0.37,351.0,10.32,34.0,92.0,9.0,0.0,False,,4.7,1337.0,10.39,,,22.0,Chi,,B07JB2P7RJ (Chi Oatmeal Conditioner For Dogs),[],True,False,True,False,Grooming,2119.0,B07JB2P7RJ,2025-10-02,,,,,
In Stock,ACTIVE,0.506,467.0,10.39,45.0,89.0,9.0,0.0,False,,4.7,1333.0,10.39,,,22.0,Chi,,B07JB2P7RJ (Chi Oatmeal Conditioner For Dogs),[],True,False,True,False,Grooming,2150.0,B07JB2P7RJ,2025-10-01,,,,,
In Stock,ACTIVE,0.43,353.0,10.38,34.0,79.0,9.0,0.0,False,,4.7,1330.0,10.37,,,22.0,Chi,,B07JB2P7RJ (Chi Oatmeal Conditioner For Dogs),[],True,False,True,False,Grooming,2193.0,B07JB2P7RJ,2025-09-30,,,,,
In Stock,ACTIVE,0.463,322.0,10.39,31.0,67.0,9.0,0.0,False,,4.7,1324.0,10.39,,,22.0,Chi,,B07JB2P7RJ (Chi Oatmeal Conditioner For Dogs),[],True,False,True,False,Grooming,2235.0,B07JB2P7RJ,2025-09-29,,,,,
In Stock,ACTIVE,0.379,340.0,10.32,33.0,87.0,9.0,0.0,False,,4.7,1324.0,10.38,,,22.0,Chi,,B07JB2P7RJ (Chi Oatmeal Conditioner For Dogs),[],True,False,True,False,Grooming,2280.0,B07JB2P7RJ,2025-09-28,,,,,
In Stock,ACTIVE,0.5710000000000001,453.0,10.3,44.0,77.0,9.0,0.0,False,,4.7,1324.0,10.39,,,24.0,Chi,,B07JB2P7RJ (Chi Oatmeal Conditioner For Dogs),[],True,False,True,False,Grooming,2312.0,B07JB2P7RJ,2025-09-27,,,,,
In Stock,ACTIVE,0.5,301.0,10.39,29.0,58.0,9.0,0.0,False,,4.7,1321.0,10.39,,,25.0,Chi,,B07JB2P7RJ (Chi Oatmeal Conditioner For Dogs),[],True,False,True,False,Grooming,2353.0,B07JB2P7RJ,2025-09-26,,,,,
In Stock,ACTIVE,0.397,281.0,10.39,27.0,68.0,9.0,0.0,False,,4.7,1317.0,10.39,,,24.0,Chi,,B07JB2P7RJ (Chi Oatmeal Conditioner For Dogs),[],True,False,True,False,Grooming,2362.0,B07JB2P7RJ,2025-09-25,,,,,
In Stock,ACTIVE,0.415,281.0,10.39,27.0,65.0,9.0,0.0,False,,4.7,1316.0,10.39,,,24.0,Chi,,B07JB2P7RJ (Chi Oatmeal Conditioner For Dogs),[],True,False,True,False,Grooming,2365.0,B07JB2P7RJ,2025-09-24,,,,,
In Stock,ACTIVE,0.261,239.0,10.39,23.0,88.0,9.0,0.0,False,,4.7,1312.0,10.39,,,24.0,Chi,,B07JB2P7RJ (Chi Oatmeal Conditioner For Dogs),[],True,False,True,False,Grooming,2401.0,B07JB2P7RJ,2025-09-23,,,,,
In Stock,ACTIVE,0.455,312.0,10.39,30.0,66.0,9.0,0.0,False,,4.7,1311.0,10.39,,,24.0,Chi,,B07JB2P7RJ (Chi Oatmeal Conditioner For Dogs),[],True,False,True,False,Grooming,2422.0,B07JB2P7RJ,2025-09-22,,,,,
In Stock,ACTIVE,0.393,364.0,10.39,35.0,89.0,9.0,0.0,False,,4.7,1309.0,10.39,,,27.0,Chi,,B07JB2P7RJ (Chi Oatmeal Conditioner For Dogs),[],True,False,True,False,Grooming,2454.0,B07JB2P7RJ,2025-09-21,,,,,
In Stock,ACTIVE,0.403,319.0,10.31,31.0,77.0,9.0,0.0,False,,4.7,1307.0,10.39,,,22.0,Chi,,B07JB2P7RJ (Chi Oatmeal Conditioner For Dogs),[],True,False,True,False,Grooming,2484.0,B07JB2P7RJ,2025-09-20,,,,,
In Stock,ACTIVE,0.296,218.0,10.39,21.0,71.0,9.0,0.0,False,,4.7,1300.0,10.39,,,21.0,Chi,,B07JB2P7RJ (Chi Oatmeal Conditioner For Dogs),[],True,False,True,False,Grooming,2508.0,B07JB2P7RJ,2025-09-19,,,,,
In Stock,ACTIVE,0.516,332.0,10.39,32.0,62.0,9.0,0.0,False,,4.7,1300.0,10.39,,,22.0,Chi,,B07JB2P7RJ (Chi Oatmeal Conditioner For Dogs),[],True,False,True,False,Grooming,2532.0,B07JB2P7RJ,2025-09-18,,,,,
In Stock,ACTIVE,0.408,301.0,10.39,29.0,71.0,9.0,0.0,False,,4.7,1297.0,10.39,,,22.0,Chi,,B07JB2P7RJ (Chi Oatmeal Conditioner For Dogs),[],True,False,True,False,Grooming,2566.0,B07JB2P7RJ,2025-09-17,,,,,
In Stock,ACTIVE,0.4429999999999999,364.0,10.39,35.0,79.0,9.0,0.0,False,,4.7,1296.0,10.39,,,23.0,Chi,,B07JB2P7RJ (Chi Oatmeal Conditioner For Dogs),[],True,False,True,False,Grooming,2570.0,B07JB2P7RJ,2025-09-16,,,,,
In Stock,ACTIVE,0.5670000000000001,392.0,10.32,38.0,67.0,9.0,0.0,False,,4.7,1295.0,10.39,,,26.0,Chi,,B07JB2P7RJ (Chi Oatmeal Conditioner For Dogs),[],True,False,True,False,Grooming,2618.0,B07JB2P7RJ,2025-09-15,,,,,
In Stock,ACTIVE,0.5529999999999999,431.0,10.27,42.0,76.0,9.0,0.0,False,,4.7,1295.0,10.39,,,27.0,Chi,,B07JB2P7RJ (Chi Oatmeal Conditioner For Dogs),[],True,False,True,False,Grooming,2654.0,B07JB2P7RJ,2025-09-14,,,,,
In Stock,ACTIVE,0.416,332.0,10.39,32.0,77.0,9.0,0.0,False,,4.7,1295.0,10.39,,,24.0,Chi,,B07JB2P7RJ (Chi Oatmeal Conditioner For Dogs),[],True,False,True,False,Grooming,2668.0,B07JB2P7RJ,2025-09-13,,,,,
In Stock,ACTIVE,0.535,239.0,10.39,23.0,43.0,9.0,0.0,False,,4.7,1293.0,10.39,,,25.0,Chi,,B07JB2P7RJ (Chi Oatmeal Conditioner For Dogs),[],True,False,True,False,Grooming,2707.0,B07JB2P7RJ,2025-09-12,,,,,
In Stock,ACTIVE,0.422,281.0,10.39,27.0,64.0,5.0,0.0,False,,4.7,1292.0,10.39,,,32.0,Chi,,B07JB2P7RJ (Chi Oatmeal Conditioner For Dogs),[],True,False,True,False,Grooming,2751.0,B07JB2P7RJ,2025-09-11,,,,,
In Stock,ACTIVE,0.458,340.0,10.31,33.0,72.0,5.0,0.0,False,,4.7,1289.0,10.39,,,26.0,Chi,,B07JB2P7RJ (Chi Oatmeal Conditioner For Dogs),[],True,False,True,False,Grooming,2785.0,B07JB2P7RJ,2025-09-10,,,,,
In Stock,ACTIVE,0.241,145.0,10.39,14.0,58.0,5.0,0.0,False,,4.7,1289.0,10.39,,,26.0,Chi,,B07JB2P7RJ (Chi Oatmeal Conditioner For Dogs),[],True,False,True,False,Grooming,2808.0,B07JB2P7RJ,2025-09-09,,,,,
In Stock,ACTIVE,0.329,249.0,10.39,24.0,73.0,5.0,0.0,False,,4.7,1287.0,10.39,,,26.0,Chi,,B07JB2P7RJ (Chi Oatmeal Conditioner For Dogs),[],True,False,True,False,Grooming,2804.0,B07JB2P7RJ,2025-09-08,,,,,
In Stock,ACTIVE,0.414,301.0,10.39,29.0,70.0,5.0,0.0,False,,4.7,1283.0,10.39,,,27.0,Chi,,B07JB2P7RJ (Chi Oatmeal Conditioner For Dogs),[],True,False,True,False,Grooming,2841.0,B07JB2P7RJ,2025-09-07,,,,,
In Stock,ACTIVE,0.5429999999999999,402.0,10.58,38.0,70.0,5.0,0.0,False,,4.7,1280.0,10.39,,,28.0,Chi,,B07JB2P7RJ (Chi Oatmeal Conditioner For Dogs),[],True,False,True,False,Grooming,2866.0,B07JB2P7RJ,2025-09-06,,,,,
In Stock,ACTIVE,0.379,260.0,10.39,25.0,66.0,5.0,0.0,False,,4.7,1277.0,10.39,,,27.0,Chi,,B07JB2P7RJ (Chi Oatmeal Conditioner For Dogs),[],True,False,True,False,Grooming,2906.0,B07JB2P7RJ,2025-09-05,,,,,
In Stock,ACTIVE,0.308,205.0,10.26,20.0,65.0,5.0,0.0,False,,4.7,1275.0,10.39,,,31.0,Chi,,B07JB2P7RJ (Chi Oatmeal Conditioner For Dogs),[],True,False,True,False,Grooming,2894.0,B07JB2P7RJ,2025-09-04,,,,,
In Stock,ACTIVE,0.444,291.0,10.39,28.0,63.0,5.0,0.0,False,,4.7,1274.0,10.39,,,25.0,Chi,,B07JB2P7RJ (Chi Oatmeal Conditioner For Dogs),[],True,False,True,False,Grooming,2941.0,B07JB2P7RJ,2025-09-03,,,,,
In Stock,ACTIVE,0.254,156.0,10.39,15.0,59.0,5.0,0.0,False,,4.7,1271.0,10.39,,,24.0,Chi,,B07JB2P7RJ (Chi Oatmeal Conditioner For Dogs),[],True,False,True,False,Grooming,2977.0,B07JB2P7RJ,2025-09-02,,,,,
In Stock,ACTIVE,0.351,270.0,10.39,26.0,74.0,5.0,0.0,False,,4.7,1268.0,10.39,,,21.0,Chi,,B07JB2P7RJ (Chi Oatmeal Conditioner For Dogs),[],True,False,True,False,Grooming,2994.0,B07JB2P7RJ,2025-09-01,,,,,
In Stock,ACTIVE,0.305,301.0,10.39,29.0,95.0,5.0,0.0,False,,4.7,1266.0,10.39,,,27.0,Chi,,B07JB2P7RJ (Chi Oatmeal Conditioner For Dogs),[],True,False,True,False,Grooming,3022.0,B07JB2P7RJ,2025-08-31,,,,,
In Stock,ACTIVE,0.55,455.0,10.33,44.0,80.0,5.0,0.0,False,,4.7,1264.0,10.39,,,27.0,Chi,,B07JB2P7RJ (Chi Oatmeal Conditioner For Dogs),[],True,False,True,False,Grooming,3054.0,B07JB2P7RJ,2025-08-30,,,,,
In Stock,ACTIVE,0.389,291.0,10.39,28.0,72.0,5.0,0.0,False,,4.7,1260.0,10.39,,,22.0,Chi,,B07JB2P7RJ (Chi Oatmeal Conditioner For Dogs),[],True,False,True,False,Grooming,3068.0,B07JB2P7RJ,2025-08-29,,,,,
In Stock,ACTIVE,0.333,249.0,10.39,24.0,72.0,5.0,0.0,False,,4.7,1259.0,10.39,,,22.0,Chi,,B07JB2P7RJ (Chi Oatmeal Conditioner For Dogs),[],True,False,True,False,Grooming,3101.0,B07JB2P7RJ,2025-08-28,,,,,
In Stock,ACTIVE,0.411,312.0,10.39,30.0,73.0,5.0,0.0,False,,4.7,1257.0,10.39,,,28.0,Chi,,B07JB2P7RJ (Chi Oatmeal Conditioner For Dogs),[],True,False,True,False,Grooming,3146.0,B07JB2P7RJ,2025-08-27,,,,,
In Stock,ACTIVE,0.416,384.0,10.39,37.0,89.0,5.0,0.0,False,,4.7,1254.0,10.39,,,25.0,Chi,,B07JB2P7RJ (Chi Oatmeal Conditioner For Dogs),[],True,False,True,False,Grooming,3172.0,B07JB2P7RJ,2025-08-26,,,,,
In Stock,ACTIVE,0.304,218.0,10.39,21.0,69.0,2.0,0.0,False,,4.7,1254.0,10.39,,,24.0,Chi,,B07JB2P7RJ (Chi Oatmeal Conditioner For Dogs),[],True,False,True,False,Grooming,3207.0,B07JB2P7RJ,2025-08-25,,,,,
In Stock,ACTIVE,0.376,332.0,10.39,32.0,85.0,2.0,0.0,False,,4.7,1252.0,10.39,,,28.0,Chi,,B07JB2P7RJ (Chi Oatmeal Conditioner For Dogs),[],True,False,True,False,Grooming,3219.0,B07JB2P7RJ,2025-08-24,,,,,
In Stock,ACTIVE,0.5379999999999999,436.0,10.39,42.0,78.0,2.0,0.0,False,,4.7,1251.0,10.39,,,25.0,Chi,,B07JB2P7RJ (Chi Oatmeal Conditioner For Dogs),[],True,False,True,False,Grooming,3264.0,B07JB2P7RJ,2025-08-23,,,,,
In Stock,ACTIVE,0.329,270.0,10.39,26.0,79.0,2.0,0.0,False,,4.7,1249.0,10.39,,,25.0,Chi,,B07JB2P7RJ (Chi Oatmeal Conditioner For Dogs),[],True,False,True,False,Grooming,3292.0,B07JB2P7RJ,2025-08-22,,,,,
In Stock,ACTIVE,0.371,270.0,10.39,26.0,70.0,2.0,0.0,False,,4.7,1244.0,10.39,,,24.0,Chi,,B07JB2P7RJ (Chi Oatmeal Conditioner For Dogs),[],True,False,True,False,Grooming,3307.0,B07JB2P7RJ,2025-08-21,0.0,0.0,0.0,0.0,0.0
In Stock,ACTIVE,0.409,281.0,10.39,27.0,66.0,2.0,0.0,False,,4.7,1244.0,10.39,,,27.0,Chi,,B07JB2P7RJ (Chi Oatmeal Conditioner For Dogs),[],True,False,True,False,Grooming,3347.0,B07JB2P7RJ,2025-08-20,0.0,0.0,0.0,0.0,0.0
In Stock,ACTIVE,0.486,353.0,10.39,34.0,70.0,2.0,0.0,False,,4.7,1242.0,10.39,0.01417525773195876,0.1818181818181818,26.0,Chi,2.532727272727273,B07JB2P7RJ (Chi Oatmeal Conditioner For Dogs),[],True,False,True,False,Grooming,3388.0,B07JB2P7RJ,2025-08-19,27.86,27.9,11.0,776.0,2.0
In Stock,ACTIVE,0.245,260.0,10.39,25.0,102.0,2.0,0.0,False,,4.7,1242.0,10.39,0.005376344086021506,0.0,26.0,Chi,2.42,B07JB2P7RJ (Chi Oatmeal Conditioner For Dogs),[],True,False,True,False,Grooming,3412.0,B07JB2P7RJ,2025-08-18,7.26,0.0,3.0,558.0,0.0
In Stock,ACTIVE,0.358,395.0,10.39,38.0,106.0,2.0,0.0,False,,4.7,1240.0,10.39,0.01308900523560209,0.0,25.0,Chi,2.666,B07JB2P7RJ (Chi Oatmeal Conditioner For Dogs),[],True,False,True,False,Grooming,3456.0,B07JB2P7RJ,2025-08-17,13.33,0.0,5.0,382.0,0.0
In Stock,ACTIVE,0.387,301.0,10.39,29.0,75.0,2.0,0.0,False,,4.7,1237.0,10.39,0.00964630225080386,0.0,28.0,Chi,2.646666666666667,B07JB2P7RJ (Chi Oatmeal Conditioner For Dogs),[],True,False,True,False,Grooming,3487.0,B07JB2P7RJ,2025-08-16,7.94,0.0,3.0,311.0,0.0
In Stock,ACTIVE,0.381,332.0,10.39,32.0,84.0,2.0,0.0,False,,4.7,1231.0,10.39,0.00998003992015968,0.6,23.0,Chi,1.896,B07JB2P7RJ (Chi Oatmeal Conditioner For Dogs),[],True,False,True,False,Grooming,3513.0,B07JB2P7RJ,2025-08-15,9.48,36.77,5.0,501.0,3.0
In Stock,ACTIVE,0.228,187.0,10.39,18.0,79.0,2.0,0.0,False,,4.7,1230.0,10.39,0.00597609561752988,0.3333333333333333,26.0,Chi,2.533333333333333,B07JB2P7RJ (Chi Oatmeal Conditioner For Dogs),[],True,False,True,False,Grooming,3519.0,B07JB2P7RJ,2025-08-14,7.6,10.39,3.0,502.0,1.0
In Stock,ACTIVE,0.594,395.0,10.39,38.0,64.0,2.0,0.0,False,danielanddavid,4.7,1224.0,10.39,0.0166270783847981,0.1428571428571428,23.0,Chi,2.47,B07JB2P7RJ (Chi Oatmeal Conditioner For Dogs),[],False,False,True,False,Grooming,3533.0,B07JB2P7RJ,2025-08-13,17.29,10.39,7.0,421.0,1.0
In Stock,ACTIVE,0.315,291.0,10.39,28.0,89.0,2.0,0.0,False,,4.7,1219.0,10.39,0.01196172248803828,0.0,21.0,Chi,2.404,B07JB2P7RJ (Chi Oatmeal Conditioner For Dogs),[],True,False,True,False,Grooming,3542.0,B07JB2P7RJ,2025-08-12,12.02,0.0,5.0,418.0,0.0
In Stock,ACTIVE,0.386,332.0,10.39,32.0,83.0,2.0,0.0,False,,4.7,1218.0,10.39,0.006956521739130435,0.25,22.0,Chi,2.7075,B07JB2P7RJ (Chi Oatmeal Conditioner For Dogs),[],True,False,True,False,Grooming,3565.0,B07JB2P7RJ,2025-08-11,10.83,10.39,4.0,575.0,1.0
In Stock,ACTIVE,0.427,488.0,10.39,47.0,110.0,2.0,0.0,False,,4.7,1216.0,10.39,0.01120448179271709,0.25,27.0,Chi,2.1875,B07JB2P7RJ (Chi Oatmeal Conditioner For Dogs),[],True,False,True,False,Grooming,3572.0,B07JB2P7RJ,2025-08-10,8.75,10.39,4.0,357.0,1.0
In Stock,ACTIVE,0.556,416.0,10.39,40.0,72.0,2.0,0.0,False,,4.7,1213.0,10.39,0.009685230024213076,0.25,30.0,Chi,2.4375,B07JB2P7RJ (Chi Oatmeal Conditioner For Dogs),[],True,False,True,False,Grooming,3538.0,B07JB2P7RJ,2025-08-09,9.75,12.99,4.0,413.0,1.0
In Stock,ACTIVE,0.388,343.0,10.39,33.0,85.0,2.0,0.0,False,,4.7,1212.0,10.39,0.01534526854219949,0.3333333333333333,25.0,Chi,1.778333333333333,B07JB2P7RJ (Chi Oatmeal Conditioner For Dogs),[],True,False,True,False,Grooming,3490.0,B07JB2P7RJ,2025-08-08,10.67,31.17,6.0,391.0,2.0
In Stock,ACTIVE,0.389,218.0,10.39,21.0,54.0,2.0,0.0,False,,4.7,1212.0,10.39,0.004901960784313725,0.0,27.0,Chi,2.755,B07JB2P7RJ (Chi Oatmeal Conditioner For Dogs),[],True,False,True,False,Grooming,3409.0,B07JB2P7RJ,2025-08-07,5.51,0.0,2.0,408.0,0.0
In Stock,ACTIVE,0.333,249.0,10.39,24.0,72.0,2.0,0.0,False,,4.7,1210.0,10.39,0.02620087336244541,1.0,24.0,Chi,1.36,B07JB2P7RJ (Chi Oatmeal Conditioner For Dogs),[],True,False,True,False,Grooming,3388.0,B07JB2P7RJ,2025-08-06,8.16,74.67,6.0,229.0,6.0
In Stock,ACTIVE,0.422,197.0,10.39,19.0,45.0,2.0,0.0,False,,4.8,1207.0,10.39,0.0851063829787234,0.75,24.0,Chi,1.7075,B07JB2P7RJ (Chi Oatmeal Conditioner For Dogs),[],True,False,True,False,Grooming,3158.0,B07JB2P7RJ,2025-08-05,6.83,41.56,4.0,47.0,3.0
In Stock,ACTIVE,0.5589999999999999,343.0,10.39,33.0,59.0,2.0,0.0,False,,4.7,1202.0,10.39,0.1111111111111111,0.7272727272727273,23.0,Chi,1.07,B07JB2P7RJ (Chi Oatmeal Conditioner For Dogs),[],True,False,True,False,Grooming,3465.0,B07JB2P7RJ,2025-08-04,11.77,118.62,11.0,99.0,8.0
In Stock,ACTIVE,0.406,291.0,10.39,28.0,69.0,2.0,0.0,False,,4.7,1201.0,10.39,0.06542056074766354,1.0,24.0,Chi,1.368571428571429,B07JB2P7RJ (Chi Oatmeal Conditioner For Dogs),[],True,False,True,False,Grooming,3086.0,B07JB2P7RJ,2025-08-03,9.58,97.9,7.0,107.0,7.0
In Stock,ACTIVE,0.476,416.0,10.39,40.0,84.0,2.0,0.0,False,,4.7,1189.0,10.39,0.005494505494505495,1.0,25.0,Chi,1.39,B07JB2P7RJ (Chi Oatmeal Conditioner For Dogs),[],True,False,True,False,Grooming,3111.0,B07JB2P7RJ,2025-08-02,1.39,14.39,1.0,182.0,1.0
In Stock,ACTIVE,0.647,457.0,10.39,44.0,68.0,2.0,0.0,False,,4.7,1182.0,10.39,0.02,0.0,25.0,Chi,1.846666666666667,B07JB2P7RJ (Chi Oatmeal Conditioner For Dogs),[],True,False,True,False,Grooming,3037.0,B07JB2P7RJ,2025-08-01,5.54,0.0,3.0,150.0,0.0
In Stock,ACTIVE,0.435,281.0,10.39,27.0,62.0,4.0,0.0,False,,4.7,1075.0,10.39,0.02666666666666667,0.0,23.0,Chi,1.63,B07JB2P7RJ (Chi Oatmeal Conditioner For Dogs),[],True,False,True,False,Grooming,3145.0,B07JB2P7RJ,2025-07-31,3.26,0.0,2.0,75.0,0.0
In Stock,ACTIVE,0.403,301.0,10.39,29.0,72.0,2.0,0.0,False,,4.7,1075.0,10.39,0.005025125628140704,0.3333333333333333,23.0,Chi,1.196666666666667,B07JB2P7RJ (Chi Oatmeal Conditioner For Dogs),[],True,False,True,False,Grooming,2824.0,B07JB2P7RJ,2025-07-30,7.18,20.78,6.0,1194.0,2.0
In Stock,ACTIVE,0.297,229.0,10.39,22.0,74.0,0.0,0.0,False,,4.7,1074.0,10.39,0.003901170351105332,0.0,20.0,Chi,1.21,B07JB2P7RJ (Chi Oatmeal Conditioner For Dogs),[],True,False,True,False,Grooming,2735.0,B07JB2P7RJ,2025-07-29,3.63,0.0,3.0,769.0,0.0
In Stock,ACTIVE,0.296,218.0,10.39,21.0,71.0,0.0,0.0,False,,4.7,1057.0,10.39,,,26.0,Chi,,B07JB2P7RJ (Chi Oatmeal Conditioner For Dogs),[],True,False,True,False,Grooming,2650.0,B07JB2P7RJ,2025-07-28,0.0,0.0,0.0,0.0,0.0
In Stock,ACTIVE,0.61,488.0,10.39,47.0,77.0,0.0,0.0,False,,4.7,1056.0,10.39,,,30.0,Chi,,B07JB2P7RJ (Chi Oatmeal Conditioner For Dogs),[],True,True,True,False,Grooming,2661.0,B07JB2P7RJ,2025-07-27,0.0,0.0,0.0,0.0,0.0
In Stock,ACTIVE,0.415,281.0,10.39,27.0,65.0,0.0,0.0,False,,4.7,1149.0,10.39,,,33.0,Chi,,B07JB2P7RJ (Chi Oatmeal Conditioner For Dogs),[],True,True,True,False,Grooming,2434.0,B07JB2P7RJ,2025-07-26,0.0,0.0,0.0,0.0,0.0
In Stock,ACTIVE,0.419,270.0,10.39,26.0,62.0,0.0,0.0,False,,4.7,1152.0,10.39,,,27.0,Chi,,B07JB2P7RJ (Chi Oatmeal Conditioner For Dogs),[],True,True,True,False,Grooming,2592.0,B07JB2P7RJ,2025-07-25,,,,,
In Stock,ACTIVE,0.396,197.0,10.39,19.0,48.0,0.0,0.0,False,,4.7,1151.0,10.39,,,20.0,Chi,,B07JB2P7RJ (Chi Oatmeal Conditioner For Dogs),[],True,True,True,False,Grooming,2413.0,B07JB2P7RJ,2025-07-24,,,,,
In Stock,ACTIVE,0.345,197.0,10.39,19.0,55.0,0.0,0.0,False,,4.7,1151.0,10.39,,,20.0,Chi,,B07JB2P7RJ (Chi Oatmeal Conditioner For Dogs),[],True,True,True,False,Grooming,2615.0,B07JB2P7RJ,2025-07-23,,,,,
